// Vitest Snapshot v1, https://vitest.dev/guide/snapshot.html

exports[`Tests Header > mounts 1`] = `"<div><h1 class=\\"min-h-12 text-3xl font-bold underline text-cyan-200\\">Welcome to my todo app!</h1><!--<Header>--></div>"`;
